Archive member included to satisfy reference by file (symbol)

c:/ac6/systemworkbench/plugins/fr.ac6.mcu.externaltools.arm-none.win32_1.13.2.201705091103/tools/compiler/bin/../lib/gcc/arm-none-eabi/5.4.1/../../../../arm-none-eabi/lib/armv7-m\libc_nano.a(lib_a-exit.o)
                              c:/ac6/systemworkbench/plugins/fr.ac6.mcu.externaltools.arm-none.win32_1.13.2.201705091103/tools/compiler/bin/../lib/gcc/arm-none-eabi/5.4.1/../../../../arm-none-eabi/lib/armv7-m/crt0.o (exit)
c:/ac6/systemworkbench/plugins/fr.ac6.mcu.externaltools.arm-none.win32_1.13.2.201705091103/tools/compiler/bin/../lib/gcc/arm-none-eabi/5.4.1/../../../../arm-none-eabi/lib/armv7-m\libc_nano.a(lib_a-impure.o)
                              c:/ac6/systemworkbench/plugins/fr.ac6.mcu.externaltools.arm-none.win32_1.13.2.201705091103/tools/compiler/bin/../lib/gcc/arm-none-eabi/5.4.1/../../../../arm-none-eabi/lib/armv7-m\libc_nano.a(lib_a-exit.o) (_global_impure_ptr)
c:/ac6/systemworkbench/plugins/fr.ac6.mcu.externaltools.arm-none.win32_1.13.2.201705091103/tools/compiler/bin/../lib/gcc/arm-none-eabi/5.4.1/../../../../arm-none-eabi/lib/armv7-m\libc_nano.a(lib_a-init.o)
                              c:/ac6/systemworkbench/plugins/fr.ac6.mcu.externaltools.arm-none.win32_1.13.2.201705091103/tools/compiler/bin/../lib/gcc/arm-none-eabi/5.4.1/../../../../arm-none-eabi/lib/armv7-m/crt0.o (__libc_init_array)
c:/ac6/systemworkbench/plugins/fr.ac6.mcu.externaltools.arm-none.win32_1.13.2.201705091103/tools/compiler/bin/../lib/gcc/arm-none-eabi/5.4.1/../../../../arm-none-eabi/lib/armv7-m\libc_nano.a(lib_a-memcpy-stub.o)
                              Drivers/si4463/Src/si4463.o (memcpy)
c:/ac6/systemworkbench/plugins/fr.ac6.mcu.externaltools.arm-none.win32_1.13.2.201705091103/tools/compiler/bin/../lib/gcc/arm-none-eabi/5.4.1/../../../../arm-none-eabi/lib/armv7-m\libc_nano.a(lib_a-memset.o)
                              c:/ac6/systemworkbench/plugins/fr.ac6.mcu.externaltools.arm-none.win32_1.13.2.201705091103/tools/compiler/bin/../lib/gcc/arm-none-eabi/5.4.1/../../../../arm-none-eabi/lib/armv7-m/crt0.o (memset)
c:/ac6/systemworkbench/plugins/fr.ac6.mcu.externaltools.arm-none.win32_1.13.2.201705091103/tools/compiler/bin/../lib/gcc/arm-none-eabi/5.4.1/../../../../arm-none-eabi/lib/armv7-m\libc_nano.a(lib_a-rand.o)
                              Src/main.o (rand)
c:/ac6/systemworkbench/plugins/fr.ac6.mcu.externaltools.arm-none.win32_1.13.2.201705091103/tools/compiler/bin/../lib/gcc/arm-none-eabi/5.4.1/../../../../arm-none-eabi/lib/armv7-m\libc_nano.a(lib_a-malloc.o)
                              c:/ac6/systemworkbench/plugins/fr.ac6.mcu.externaltools.arm-none.win32_1.13.2.201705091103/tools/compiler/bin/../lib/gcc/arm-none-eabi/5.4.1/../../../../arm-none-eabi/lib/armv7-m\libc_nano.a(lib_a-rand.o) (malloc)
c:/ac6/systemworkbench/plugins/fr.ac6.mcu.externaltools.arm-none.win32_1.13.2.201705091103/tools/compiler/bin/../lib/gcc/arm-none-eabi/5.4.1/../../../../arm-none-eabi/lib/armv7-m\libc_nano.a(lib_a-nano-freer.o)
                              c:/ac6/systemworkbench/plugins/fr.ac6.mcu.externaltools.arm-none.win32_1.13.2.201705091103/tools/compiler/bin/../lib/gcc/arm-none-eabi/5.4.1/../../../../arm-none-eabi/lib/armv7-m\libc_nano.a(lib_a-malloc.o) (_free_r)
c:/ac6/systemworkbench/plugins/fr.ac6.mcu.externaltools.arm-none.win32_1.13.2.201705091103/tools/compiler/bin/../lib/gcc/arm-none-eabi/5.4.1/../../../../arm-none-eabi/lib/armv7-m\libc_nano.a(lib_a-nano-mallocr.o)
                              c:/ac6/systemworkbench/plugins/fr.ac6.mcu.externaltools.arm-none.win32_1.13.2.201705091103/tools/compiler/bin/../lib/gcc/arm-none-eabi/5.4.1/../../../../arm-none-eabi/lib/armv7-m\libc_nano.a(lib_a-malloc.o) (_malloc_r)
c:/ac6/systemworkbench/plugins/fr.ac6.mcu.externaltools.arm-none.win32_1.13.2.201705091103/tools/compiler/bin/../lib/gcc/arm-none-eabi/5.4.1/../../../../arm-none-eabi/lib/armv7-m\libc_nano.a(lib_a-sbrkr.o)
                              c:/ac6/systemworkbench/plugins/fr.ac6.mcu.externaltools.arm-none.win32_1.13.2.201705091103/tools/compiler/bin/../lib/gcc/arm-none-eabi/5.4.1/../../../../arm-none-eabi/lib/armv7-m\libc_nano.a(lib_a-nano-mallocr.o) (_sbrk_r)
c:/ac6/systemworkbench/plugins/fr.ac6.mcu.externaltools.arm-none.win32_1.13.2.201705091103/tools/compiler/bin/../lib/gcc/arm-none-eabi/5.4.1/../../../../arm-none-eabi/lib/armv7-m\libc_nano.a(lib_a-mlock.o)
                              c:/ac6/systemworkbench/plugins/fr.ac6.mcu.externaltools.arm-none.win32_1.13.2.201705091103/tools/compiler/bin/../lib/gcc/arm-none-eabi/5.4.1/../../../../arm-none-eabi/lib/armv7-m\libc_nano.a(lib_a-nano-freer.o) (__malloc_lock)
c:/ac6/systemworkbench/plugins/fr.ac6.mcu.externaltools.arm-none.win32_1.13.2.201705091103/tools/compiler/bin/../lib/gcc/arm-none-eabi/5.4.1/../../../../arm-none-eabi/lib/armv7-m\libc_nano.a(lib_a-reent.o)
[...]
Memory Configuration

Name             Origin             Length             Attributes
RAM              0x20000000         0x00005000         xrw
FLASH            0x08000000         0x00010000         xr
*default*        0x00000000         0xffffffff

Linker script and memory map

LOAD c:/ac6/systemworkbench/plugins/fr.ac6.mcu.externaltools.arm-none.win32_1.13.2.201705091103/tools/compiler/bin/../lib/gcc/arm-none-eabi/5.4.1/armv7-m/crti.o
LOAD c:/ac6/systemworkbench/plugins/fr.ac6.mcu.externaltools.arm-none.win32_1.13.2.201705091103/tools/compiler/bin/../lib/gcc/arm-none-eabi/5.4.1/armv7-m/crtbegin.o
LOAD c:/ac6/systemworkbench/plugins/fr.ac6.mcu.externaltools.arm-none.win32_1.13.2.201705091103/tools/compiler/bin/../lib/gcc/arm-none-eabi/5.4.1/../../../../arm-none-eabi/lib/armv7-m/crt0.o
LOAD Drivers/STM32F1xx_HAL_Driver/Src/stm32f1xx_hal.o
LOAD Drivers/STM32F1xx_HAL_Driver/Src/stm32f1xx_hal_cortex.o
LOAD Drivers/STM32F1xx_HAL_Driver/Src/stm32f1xx_hal_dma.o
LOAD Drivers/STM32F1xx_HAL_Driver/Src/stm32f1xx_hal_flash.o
LOAD Drivers/STM32F1xx_HAL_Driver/Src/stm32f1xx_hal_flash_ex.o
LOAD Drivers/STM32F1xx_HAL_Driver/Src/stm32f1xx_hal_gpio.o
LOAD Drivers/STM32F1xx_HAL_Driver/Src/stm32f1xx_hal_gpio_ex.o
LOAD Drivers/STM32F1xx_HAL_Driver/Src/stm32f1xx_hal_pwr.o
LOAD Drivers/STM32F1xx_HAL_Driver/Src/stm32f1xx_hal_rcc.o
LOAD Drivers/STM32F1xx_HAL_Driver/Src/stm32f1xx_hal_rcc_ex.o
LOAD Drivers/STM32F1xx_HAL_Driver/Src/stm32f1xx_hal_spi.o
LOAD Drivers/STM32F1xx_HAL_Driver/Src/stm32f1xx_hal_spi_ex.o
LOAD Drivers/STM32F1xx_HAL_Driver/Src/stm32f1xx_hal_tim.o
LOAD Drivers/STM32F1xx_HAL_Driver/Src/stm32f1xx_hal_tim_ex.o
LOAD Drivers/STM32F1xx_HAL_Driver/Src/stm32f1xx_hal_uart.o
LOAD Drivers/si4463/Src/si4463.o
LOAD Src/main.o
LOAD Src/stm32f1xx_hal_msp.o
LOAD Src/stm32f1xx_it.o
LOAD Src/system_stm32f1xx.o
LOAD startup/startup_stm32f103xb.o
LOAD c:/ac6/systemworkbench/plugins/fr.ac6.mcu.externaltools.arm-none.win32_1.13.2.201705091103/tools/compiler/bin/../lib/gcc/arm-none-eabi/5.4.1/../../../../arm-none-eabi/lib/armv7-m\libm.a
START GROUP
LOAD c:/ac6/systemworkbench/plugins/fr.ac6.mcu.externaltools.arm-none.win32_1.13.2.201705091103/tools/compiler/bin/../lib/gcc/arm-none-eabi/5.4.1/armv7-m\libgcc.a
LOAD c:/ac6/systemworkbench/plugins/fr.ac6.mcu.externaltools.arm-none.win32_1.13.2.201705091103/tools/compiler/bin/../lib/gcc/arm-none-eabi/5.4.1/../../../../arm-none-eabi/lib/armv7-m\libc_nano.a
END GROUP
START GROUP
LOAD c:/ac6/systemworkbench/plugins/fr.ac6.mcu.externaltools.arm-none.win32_1.13.2.201705091103/tools/compiler/bin/../lib/gcc/arm-none-eabi/5.4.1/armv7-m\libgcc.a
LOAD c:/ac6/systemworkbench/plugins/fr.ac6.mcu.externaltools.arm-none.win32_1.13.2.201705091103/tools/compiler/bin/../lib/gcc/arm-none-eabi/5.4.1/../../../../arm-none-eabi/lib/armv7-m\libc_nano.a
LOAD c:/ac6/systemworkbench/plugins/fr.ac6.mcu.externaltools.arm-none.win32_1.13.2.201705091103/tools/compiler/bin/../lib/gcc/arm-none-eabi/5.4.1/../../../../arm-none-eabi/lib/armv7-m\libnosys.a
END GROUP
START GROUP
LOAD c:/ac6/systemworkbench/plugins/fr.ac6.mcu.externaltools.arm-none.win32_1.13.2.201705091103/tools/compiler/bin/../lib/gcc/arm-none-eabi/5.4.1/armv7-m\libgcc.a
LOAD c:/ac6/systemworkbench/plugins/fr.ac6.mcu.externaltools.arm-none.win32_1.13.2.201705091103/tools/compiler/bin/../lib/gcc/arm-none-eabi/5.4.1/../../../../arm-none-eabi/lib/armv7-m\libc_nano.a
LOAD c:/ac6/systemworkbench/plugins/fr.ac6.mcu.externaltools.arm-none.win32_1.13.2.201705091103/tools/compiler/bin/../lib/gcc/arm-none-eabi/5.4.1/../../../../arm-none-eabi/lib/armv7-m\libnosys.a
END GROUP
LOAD c:/ac6/systemworkbench/plugins/fr.ac6.mcu.externaltools.arm-none.win32_1.13.2.201705091103/tools/compiler/bin/../lib/gcc/arm-none-eabi/5.4.1/armv7-m/crtend.o
LOAD c:/ac6/systemworkbench/plugins/fr.ac6.mcu.externaltools.arm-none.win32_1.13.2.201705091103/tools/compiler/bin/../lib/gcc/arm-none-eabi/5.4.1/armv7-m/crtn.o
                0x20005000                _estack = 0x20005000
                0x00000200                _Min_Heap_Size = 0x200
                0x00000400                _Min_Stack_Size = 0x400

.isr_vector     0x08000000      0x10c
                0x08000000                . = ALIGN (0x4)
 *(.isr_vector)
 .isr_vector    0x08000000      0x10c startup/startup_stm32f103xb.o
                0x08000000                g_pfnVectors
                0x0800010c                . = ALIGN (0x4)

.text           0x0800010c     0x2670
                0x0800010c                . = ALIGN (0x4)
 *(.text)
 .text          0x0800010c       0x5c c:/ac6/systemworkbench/plugins/fr.ac6.mcu.externaltools.arm-none.win32_1.13.2.201705091103/tools/compiler/bin/../lib/gcc/arm-none-eabi/5.4.1/armv7-m/crtbegin.o
 *(.text*)
 .text.HAL_InitTick
                0x08000168       0x28 Drivers/STM32F1xx_HAL_Driver/Src/stm32f1xx_hal.o
                0x08000168                HAL_InitTick
 .text.HAL_Init
                0x08000190       0x24 Drivers/STM32F1xx_HAL_Driver/Src/stm32f1xx_hal.o
                0x08000190                HAL_Init
 .text.HAL_IncTick
                0x080001b4       0x10 Drivers/STM32F1xx_HAL_Driver/Src/stm32f1xx_hal.o
                0x080001b4                HAL_IncTick
 .text.HAL_GetTick
                0x080001c4        0xc Drivers/STM32F1xx_HAL_Driver/Src/stm32f1xx_hal.o
                0x080001c4                HAL_GetTick
 .text.HAL_Delay
                0x080001d0       0x1c Drivers/STM32F1xx_HAL_Driver/Src/stm32f1xx_hal.o
                0x080001d0                HAL_Delay
 .text.HAL_NVIC_SetPriorityGrouping
                0x080001ec       0x24 Drivers/STM32F1xx_HAL_Driver/Src/stm32f1xx_hal_cortex.o
                0x080001ec                HAL_NVIC_SetPriorityGrouping
 .text.HAL_NVIC_SetPriority
                0x08000210       0x64 Drivers/STM32F1xx_HAL_Driver/Src/stm32f1xx_hal_cortex.o
                0x08000210                HAL_NVIC_SetPriority
 .text.HAL_NVIC_EnableIRQ
                0x08000274       0x18 Drivers/STM32F1xx_HAL_Driver/Src/stm32f1xx_hal_cortex.o
                0x08000274                HAL_NVIC_EnableIRQ
 .text.HAL_NVIC_DisableIRQ
                0x0800028c       0x1c Drivers/STM32F1xx_HAL_Driver/Src/stm32f1xx_hal_cortex.o
                0x0800028c                HAL_NVIC_DisableIRQ
 .text.HAL_SYSTICK_Config
                0x080002a8       0x2c Drivers/STM32F1xx_HAL_Driver/Src/stm32f1xx_hal_cortex.o
                0x080002a8                HAL_SYSTICK_Config
 .text.HAL_SYSTICK_CLKSourceConfig
                0x080002d4       0x20 Drivers/STM32F1xx_HAL_Driver/Src/stm32f1xx_hal_cortex.o
                0x080002d4                HAL_SYSTICK_CLKSourceConfig
 .text.HAL_SYSTICK_Callback
                0x080002f4        0x4 Drivers/STM32F1xx_HAL_Driver/Src/stm32f1xx_hal_cortex.o
                0x080002f4                HAL_SYSTICK_Callback
 .text.HAL_SYSTICK_IRQHandler
                0x080002f8        0x8 Drivers/STM32F1xx_HAL_Driver/Src/stm32f1xx_hal_cortex.o
                0x080002f8                HAL_SYSTICK_IRQHandler
 .text.HAL_GPIO_Init
                0x08000300      0x1d8 Drivers/STM32F1xx_HAL_Driver/Src/stm32f1xx_hal_gpio.o
                0x08000300                HAL_GPIO_Init
 .text.HAL_GPIO_ReadPin
                0x080004d8       0x10 Drivers/STM32F1xx_HAL_Driver/Src/stm32f1xx_hal_gpio.o
                0x080004d8                HAL_GPIO_ReadPin
 .text.HAL_GPIO_WritePin
                0x080004e8        0xc Drivers/STM32F1xx_HAL_Driver/Src/stm32f1xx_hal_gpio.o
                0x080004e8                HAL_GPIO_WritePin
 .text.HAL_GPIO_TogglePin
                0x080004f4        0x8 Drivers/STM32F1xx_HAL_Driver/Src/stm32f1xx_hal_gpio.o
                0x080004f4                HAL_GPIO_TogglePin
 .text.HAL_GPIO_EXTI_IRQHandler
                0x080004fc       0x18 Drivers/STM32F1xx_HAL_Driver/Src/stm32f1xx_hal_gpio.o
                0x080004fc                HAL_GPIO_EXTI_IRQHandler
 .text.HAL_RCC_OscConfig
                0x08000514      0x5ec Drivers/STM32F1xx_HAL_Driver/Src/stm32f1xx_hal_rcc.o
                0x08000514                HAL_RCC_OscConfig
 .text.HAL_RCC_GetSysClockFreq
                0x08000b00       0x94 Drivers/STM32F1xx_HAL_Driver/Src/stm32f1xx_hal_rcc.o
                0x08000b00                HAL_RCC_GetSysClockFreq
 .text.HAL_RCC_ClockConfig
                0x08000b94      0x1e4 Drivers/STM32F1xx_HAL_Driver/Src/stm32f1xx_hal_rcc.o
                0x08000b94                HAL_RCC_ClockConfig
 .text.HAL_RCC_GetHCLKFreq
                0x08000d78        0xc Drivers/STM32F1xx_HAL_Driver/Src/stm32f1xx_hal_rcc.o
                0x08000d78                HAL_RCC_GetHCLKFreq
 .text.HAL_RCC_GetPCLK1Freq
                0x08000d84       0x30 Drivers/STM32F1xx_HAL_Driver/Src/stm32f1xx_hal_rcc.o
                0x08000d84                HAL_RCC_GetPCLK1Freq
 .text.HAL_RCC_GetPCLK2Freq
                0x08000db4       0x30 Drivers/STM32F1xx_HAL_Driver/Src/stm32f1xx_hal_rcc.o
                0x08000db4                HAL_RCC_GetPCLK2Freq
 .text.SPI_WaitOnFlagUntilTimeout
                0x08000de4       0xe4 Drivers/STM32F1xx_HAL_Driver/Src/stm32f1xx_hal_spi.o
 .text.HAL_SPI_TransmitReceive
                0x08000ec8      0x348 Drivers/STM32F1xx_HAL_Driver/Src/stm32f1xx_hal_spi.o
                0x08000ec8                HAL_SPI_TransmitReceive
 .text.HAL_SPI_Init
                0x08001210       0x88 Drivers/STM32F1xx_HAL_Driver/Src/stm32f1xx_hal_spi_ex.o
                0x08001210                HAL_SPI_Init
 .text.UART_Transmit_IT
                0x08001298       0x6c Drivers/STM32F1xx_HAL_Driver/Src/stm32f1xx_hal_uart.o
 .text.UART_SetConfig
                0x08001304      0x1bc Drivers/STM32F1xx_HAL_Driver/Src/stm32f1xx_hal_uart.o
 .text.UART_WaitOnFlagUntilTimeout
                0x080014c0       0xd4 Drivers/STM32F1xx_HAL_Driver/Src/stm32f1xx_hal_uart.o
 .text.HAL_UART_Init
                0x08001594       0x60 Drivers/STM32F1xx_HAL_Driver/Src/stm32f1xx_hal_uart.o
                0x08001594                HAL_UART_Init
 .text.HAL_UART_Transmit
                0x080015f4       0xec Drivers/STM32F1xx_HAL_Driver/Src/stm32f1xx_hal_uart.o
                0x080015f4                HAL_UART_Transmit
 .text.HAL_UART_TxCpltCallback
                0x080016e0        0x4 Drivers/STM32F1xx_HAL_Driver/Src/stm32f1xx_hal_uart.o
                0x080016e0                HAL_UART_TxCpltCallback
 .text.UART_EndTransmit_IT
                0x080016e4       0x2c Drivers/STM32F1xx_HAL_Driver/Src/stm32f1xx_hal_uart.o
 .text.UART_Receive_IT
                0x08001710       0xb4 Drivers/STM32F1xx_HAL_Driver/Src/stm32f1xx_hal_uart.o
 .text.HAL_UART_ErrorCallback
                0x080017c4        0x4 Drivers/STM32F1xx_HAL_Driver/Src/stm32f1xx_hal_uart.o
                0x080017c4                HAL_UART_ErrorCallback
 .text.HAL_UART_IRQHandler
                0x080017c8       0xc4 Drivers/STM32F1xx_HAL_Driver/Src/stm32f1xx_hal_uart.o
                0x080017c8                HAL_UART_IRQHandler
 .text.SI4463_SendCommand
                0x0800188c       0x48 Drivers/si4463/Src/si4463.o
                0x0800188c                SI4463_SendCommand
 .text.SI4463_ReadCommandBuffer
                0x080018d4       0x50 Drivers/si4463/Src/si4463.o
                0x080018d4                SI4463_ReadCommandBuffer
 .text.SI4463_Reset
                0x08001924       0x2c Drivers/si4463/Src/si4463.o
                0x08001924                SI4463_Reset
 .text.SI4463_PowerUp
                0x08001950       0x48 Drivers/si4463/Src/si4463.o
                0x08001950                SI4463_PowerUp
 .text.SI4463_Init
                0x08001998       0x70 Drivers/si4463/Src/si4463.o
                0x08001998                SI4463_Init
 .text.SI4463_GetInterrupts
                0x08001a08       0xe0 Drivers/si4463/Src/si4463.o
                0x08001a08                SI4463_GetInterrupts
 .text.SI4463_ClearInterrupts
                0x08001ae8       0x3c Drivers/si4463/Src/si4463.o
                0x08001ae8                SI4463_ClearInterrupts
 .text.SI4463_GetChipStatus
                0x08001b24       0x48 Drivers/si4463/Src/si4463.o
                0x08001b24                SI4463_GetChipStatus
 .text.SI4463_ClearChipStatus
                0x08001b6c       0x34 Drivers/si4463/Src/si4463.o
                0x08001b6c                SI4463_ClearChipStatus
 .text.SI4463_ClearAllInterrupts
                0x08001ba0       0x10 Drivers/si4463/Src/si4463.o
                0x08001ba0                SI4463_ClearAllInterrupts
 .text.SI4463_StartRx
                0x08001bb0       0x70 Drivers/si4463/Src/si4463.o
                0x08001bb0                SI4463_StartRx
 .text.SI4463_StartTx
                0x08001c20       0x4c Drivers/si4463/Src/si4463.o
                0x08001c20                SI4463_StartTx
 .text.SI4463_WriteTxFifo
                0x08001c6c       0x44 Drivers/si4463/Src/si4463.o
                0x08001c6c                SI4463_WriteTxFifo
 .text.SI4463_ReadRxFifo
                0x08001cb0       0x6c Drivers/si4463/Src/si4463.o
                0x08001cb0                SI4463_ReadRxFifo
 .text.SI4463_ClearRxFifo
                0x08001d1c       0x20 Drivers/si4463/Src/si4463.o
                0x08001d1c                SI4463_ClearRxFifo
 .text.SI4463_ClearTxFifo
                0x08001d3c       0x20 Drivers/si4463/Src/si4463.o
                0x08001d3c                SI4463_ClearTxFifo
 .text.SI4463_Transmit
                0x08001d5c       0x18 Drivers/si4463/Src/si4463.o
                0x08001d5c                SI4463_Transmit
 .text.SI4463_SetShutdown
                0x08001d74       0x14 Src/main.o
                0x08001d74                SI4463_SetShutdown
 .text.SI4463_ClearShutdown
                0x08001d88       0x14 Src/main.o
                0x08001d88                SI4463_ClearShutdown
 .text.SI4463_Select
                0x08001d9c       0x14 Src/main.o
                0x08001d9c                SI4463_Select
 .text.SI4463_Deselect
                0x08001db0       0x14 Src/main.o
                0x08001db0                SI4463_Deselect
 .text.MX_GPIO_Init
                0x08001dc4       0xe8 Src/main.o
 .text.MX_NVIC_Init
                0x08001eac       0x24 Src/main.o
 .text.SI4463_IsCTS
                0x08001ed0       0x18 Src/main.o
                0x08001ed0                SI4463_IsCTS
 .text.SI4463_WriteRead
                0x08001ee8       0x20 Src/main.o
                0x08001ee8                SI4463_WriteRead
 .text.HAL_GPIO_EXTI_Callback
                0x08001f08      0x240 Src/main.o
                0x08001f08                HAL_GPIO_EXTI_Callback
 .text.HAL_UART_RxCpltCallback
                0x08002148        0x4 Src/main.o
                0x08002148                HAL_UART_RxCpltCallback
 .text._Error_Handler
                0x0800214c        0x4 Src/main.o
                0x0800214c                _Error_Handler
 .text.MX_SPI1_Init
                0x08002150       0x4c Src/main.o
 .text.MX_USART1_UART_Init
                0x0800219c       0x3c Src/main.o
 .text.SystemClock_Config
                0x080021d8       0x74 Src/main.o
                0x080021d8                SystemClock_Config
 .text.main     0x0800224c      0x100 Src/main.o
                0x0800224c                main
 .text.HAL_MspInit
                0x0800234c       0x90 Src/stm32f1xx_hal_msp.o
                0x0800234c                HAL_MspInit
 .text.HAL_SPI_MspInit
                0x080023dc       0x58 Src/stm32f1xx_hal_msp.o
                0x080023dc                HAL_SPI_MspInit
 .text.HAL_UART_MspInit
                0x08002434       0x5c Src/stm32f1xx_hal_msp.o
                0x08002434                HAL_UART_MspInit
 .text.NMI_Handler
                0x08002490        0x4 Src/stm32f1xx_it.o
                0x08002490                NMI_Handler
 .text.HardFault_Handler
                0x08002494        0x4 Src/stm32f1xx_it.o
                0x08002494                HardFault_Handler
 .text.MemManage_Handler
                0x08002498        0x4 Src/stm32f1xx_it.o
                0x08002498                MemManage_Handler
 .text.BusFault_Handler
                0x0800249c        0x4 Src/stm32f1xx_it.o
                0x0800249c                BusFault_Handler
 .text.UsageFault_Handler
                0x080024a0        0x4 Src/stm32f1xx_it.o
                0x080024a0                UsageFault_Handler
 .text.SVC_Handler
                0x080024a4        0x4 Src/stm32f1xx_it.o
                0x080024a4                SVC_Handler
 .text.DebugMon_Handler
                0x080024a8        0x4 Src/stm32f1xx_it.o
                0x080024a8                DebugMon_Handler
 .text.PendSV_Handler
                0x080024ac        0x4 Src/stm32f1xx_it.o
                0x080024ac                PendSV_Handler
 .text.SysTick_Handler
                0x080024b0        0xc Src/stm32f1xx_it.o
                0x080024b0                SysTick_Handler
 .text.EXTI0_IRQHandler
                0x080024bc        0xc Src/stm32f1xx_it.o
                0x080024bc                EXTI0_IRQHandler
 .text.USART1_IRQHandler
                0x080024c8       0x10 Src/stm32f1xx_it.o
                0x080024c8                USART1_IRQHandler
 .text.SystemInit
                0x080024d8       0x4c Src/system_stm32f1xx.o
                0x080024d8                SystemInit
 .text.Reset_Handler
                0x08002524       0x48 startup/startup_stm32f103xb.o
                0x08002524                Reset_Handler
 .text.Default_Handler
                0x0800256c        0x2 startup/startup_stm32f103xb.o
                0x0800256c                RTC_Alarm_IRQHandler
                0x0800256c                EXTI2_IRQHandler
                0x0800256c                TIM1_CC_IRQHandler
                0x0800256c                PVD_IRQHandler
                0x0800256c                EXTI3_IRQHandler
                0x0800256c                I2C2_EV_IRQHandler
                0x0800256c                ADC1_2_IRQHandler
                0x0800256c                SPI1_IRQHandler
                0x0800256c                TAMPER_IRQHandler
                0x0800256c                DMA1_Channel4_IRQHandler
                0x0800256c                USART3_IRQHandler
                0x0800256c                RTC_IRQHandler
                0x0800256c                DMA1_Channel7_IRQHandler
                0x0800256c                CAN1_RX1_IRQHandler
                0x0800256c                TIM4_IRQHandler
                0x0800256c                I2C1_EV_IRQHandler
                0x0800256c                DMA1_Channel6_IRQHandler
                0x0800256c                TIM3_IRQHandler
                0x0800256c                RCC_IRQHandler
                0x0800256c                TIM1_TRG_COM_IRQHandler
                0x0800256c                DMA1_Channel1_IRQHandler
                0x0800256c                Default_Handler
                0x0800256c                EXTI15_10_IRQHandler
                0x0800256c                EXTI9_5_IRQHandler
                0x0800256c                SPI2_IRQHandler
                0x0800256c                DMA1_Channel5_IRQHandler
                0x0800256c                EXTI4_IRQHandler
                0x0800256c                USB_LP_CAN1_RX0_IRQHandler
                0x0800256c                USB_HP_CAN1_TX_IRQHandler
                0x0800256c                DMA1_Channel3_IRQHandler
                0x0800256c                TIM1_UP_IRQHandler
                0x0800256c                WWDG_IRQHandler
                0x0800256c                TIM2_IRQHandler
                0x0800256c                TIM1_BRK_IRQHandler
                0x0800256c                EXTI1_IRQHandler
                0x0800256c                USART2_IRQHandler
                0x0800256c                I2C2_ER_IRQHandler
                0x0800256c                DMA1_Channel2_IRQHandler
                0x0800256c                CAN1_SCE_IRQHandler
                0x0800256c                FLASH_IRQHandler
                0x0800256c                I2C1_ER_IRQHandler
                0x0800256c                USBWakeUp_IRQHandler
 *fill*         0x0800256e        0x2 
 .text.__libc_init_array
                0x08002570       0x4c c:/ac6/systemworkbench/plugins/fr.ac6.mcu.externaltools.arm-none.win32_1.13.2.201705091103/tools/compiler/bin/../lib/gcc/arm-none-eabi/5.4.1/../../../../arm-none-eabi/lib/armv7-m\libc_nano.a(lib_a-init.o)
                0x08002570                __libc_init_array
 .text.memcpy   0x080025bc       0x16 c:/ac6/systemworkbench/plugins/fr.ac6.mcu.externaltools.arm-none.win32_1.13.2.201705091103/tools/compiler/bin/../lib/gcc/arm-none-eabi/5.4.1/../../../../arm-none-eabi/lib/armv7-m\libc_nano.a(lib_a-memcpy-stub.o)
                0x080025bc                memcpy
 .text.memset   0x080025d2       0x10 c:/ac6/systemworkbench/plugins/fr.ac6.mcu.externaltools.arm-none.win32_1.13.2.201705091103/tools/compiler/bin/../lib/gcc/arm-none-eabi/5.4.1/../../../../arm-none-eabi/lib/armv7-m\libc_nano.a(lib_a-memset.o)
                0x080025d2                memset
 *fill*         0x080025e2        0x2 
 .text.rand     0x080025e4       0x74 c:/ac6/systemworkbench/plugins/fr.ac6.mcu.externaltools.arm-none.win32_1.13.2.201705091103/tools/compiler/bin/../lib/gcc/arm-none-eabi/5.4.1/../../../../arm-none-eabi/lib/armv7-m\libc_nano.a(lib_a-rand.o)
                0x080025e4                rand
 .text.malloc   0x08002658       0x10 c:/ac6/systemworkbench/plugins/fr.ac6.mcu.externaltools.arm-none.win32_1.13.2.201705091103/tools/compiler/bin/../lib/gcc/arm-none-eabi/5.4.1/../../../../arm-none-eabi/lib/armv7-m\libc_nano.a(lib_a-malloc.o)
                0x08002658                malloc
 .text._malloc_r
                0x08002668       0xbc c:/ac6/systemworkbench/plugins/fr.ac6.mcu.externaltools.arm-none.win32_1.13.2.201705091103/tools/compiler/bin/../lib/gcc/arm-none-eabi/5.4.1/../../../../arm-none-eabi/lib/armv7-m\libc_nano.a(lib_a-nano-mallocr.o)
                0x08002668                _malloc_r
 .text._sbrk_r  0x08002724       0x20 c:/ac6/systemworkbench/plugins/fr.ac6.mcu.externaltools.arm-none.win32_1.13.2.201705091103/tools/compiler/bin/../lib/gcc/arm-none-eabi/5.4.1/../../../../arm-none-eabi/lib/armv7-m\libc_nano.a(lib_a-sbrkr.o)
                0x08002724                _sbrk_r
 .text.__malloc_lock
                0x08002744        0x2 c:/ac6/systemworkbench/plugins/fr.ac6.mcu.externaltools.arm-none.win32_1.13.2.201705091103/tools/compiler/bin/../lib/gcc/arm-none-eabi/5.4.1/../../../../arm-none-eabi/lib/armv7-m\libc_nano.a(lib_a-mlock.o)
                0x08002744                __malloc_lock
 .text.__malloc_unlock
                0x08002746        0x2 c:/ac6/systemworkbench/plugins/fr.ac6.mcu.externaltools.arm-none.win32_1.13.2.201705091103/tools/compiler/bin/../lib/gcc/arm-none-eabi/5.4.1/../../../../arm-none-eabi/lib/armv7-m\libc_nano.a(lib_a-mlock.o)
                0x08002746                __malloc_unlock
 .text._sbrk    0x08002748       0x1c c:/ac6/systemworkbench/plugins/fr.ac6.mcu.externaltools.arm-none.win32_1.13.2.201705091103/tools/compiler/bin/../lib/gcc/arm-none-eabi/5.4.1/../../../../arm-none-eabi/lib/armv7-m\libnosys.a(sbrk.o)
                0x08002748                _sbrk
 *(.glue_7)
 .glue_7        0x08002764        0x0 linker stubs
 *(.glue_7t)
 .glue_7t       0x08002764        0x0 linker stubs
 *(.eh_frame)
 .eh_frame      0x08002764        0x0 c:/ac6/systemworkbench/plugins/fr.ac6.mcu.externaltools.arm-none.win32_1.13.2.201705091103/tools/compiler/bin/../lib/gcc/arm-none-eabi/5.4.1/armv7-m/crtbegin.o
 *(.init)
 .init          0x08002764        0x4 c:/ac6/systemworkbench/plugins/fr.ac6.mcu.externaltools.arm-none.win32_1.13.2.201705091103/tools/compiler/bin/../lib/gcc/arm-none-eabi/5.4.1/armv7-m/crti.o
                0x08002764                _init
 .init          0x08002768        0x8 c:/ac6/systemworkbench/plugins/fr.ac6.mcu.externaltools.arm-none.win32_1.13.2.201705091103/tools/compiler/bin/../lib/gcc/arm-none-eabi/5.4.1/armv7-m/crtn.o
 *(.fini)
 .fini          0x08002770        0x4 c:/ac6/systemworkbench/plugins/fr.ac6.mcu.externaltools.arm-none.win32_1.13.2.201705091103/tools/compiler/bin/../lib/gcc/arm-none-eabi/5.4.1/armv7-m/crti.o
                0x08002770                _fini
 .fini          0x08002774        0x8 c:/ac6/systemworkbench/plugins/fr.ac6.mcu.externaltools.arm-none.win32_1.13.2.201705091103/tools/compiler/bin/../lib/gcc/arm-none-eabi/5.4.1/armv7-m/crtn.o
                0x0800277c                . = ALIGN (0x4)
                0x0800277c                _etext = .

.vfp11_veneer   0x0800277c        0x0
 .vfp11_veneer  0x0800277c        0x0 linker stubs

.v4_bx          0x0800277c        0x0
 .v4_bx         0x0800277c        0x0 linker stubs

.iplt           0x0800277c        0x0
 .iplt          0x0800277c        0x0 c:/ac6/systemworkbench/plugins/fr.ac6.mcu.externaltools.arm-none.win32_1.13.2.201705091103/tools/compiler/bin/../lib/gcc/arm-none-eabi/5.4.1/armv7-m/crtbegin.o

.rodata         0x0800277c      0x1e0
                0x0800277c                . = ALIGN (0x4)
 *(.rodata)
 .rodata        0x0800277c       0x12 Drivers/STM32F1xx_HAL_Driver/Src/stm32f1xx_hal_rcc.o
 *fill*         0x0800278e        0x2 
 .rodata        0x08002790      0x182 Drivers/si4463/Src/si4463.o
 *fill*         0x08002912        0x2 
 .rodata        0x08002914       0x18 Src/system_stm32f1xx.o
                0x08002914                AHBPrescTable
                0x08002924                APBPrescTable
 *(.rodata*)
 .rodata.str1.4
                0x0800292c       0x30 Src/main.o
                                 0x32 (size before relaxing)
                0x0800295c                . = ALIGN (0x4)

.rel.dyn        0x0800295c        0x0
 .rel.iplt      0x0800295c        0x0 c:/ac6/systemworkbench/plugins/fr.ac6.mcu.externaltools.arm-none.win32_1.13.2.201705091103/tools/compiler/bin/../lib/gcc/arm-none-eabi/5.4.1/armv7-m/crtbegin.o

.ARM.extab
 *(.ARM.extab* .gnu.linkonce.armextab.*)

.ARM            0x0800295c        0x0
                0x0800295c                __exidx_start = .
 *(.ARM.exidx*)
                0x0800295c                __exidx_end = .

.preinit_array  0x0800295c        0x0
                0x0800295c                PROVIDE (__preinit_array_start, .)
 *(.preinit_array*)
                0x0800295c                PROVIDE (__preinit_array_end, .)

.init_array     0x0800295c        0x4
                0x0800295c                PROVIDE (__init_array_start, .)
 *(SORT(.init_array.*))
 *(.init_array*)
 .init_array    0x0800295c        0x4 c:/ac6/systemworkbench/plugins/fr.ac6.mcu.externaltools.arm-none.win32_1.13.2.201705091103/tools/compiler/bin/../lib/gcc/arm-none-eabi/5.4.1/armv7-m/crtbegin.o
                0x08002960                PROVIDE (__init_array_end, .)

.fini_array     0x08002960        0x4
                [!provide]                PROVIDE (__fini_array_start, .)
 *(SORT(.fini_array.*))
 *(.fini_array*)
 .fini_array    0x08002960        0x4 c:/ac6/systemworkbench/plugins/fr.ac6.mcu.externaltools.arm-none.win32_1.13.2.201705091103/tools/compiler/bin/../lib/gcc/arm-none-eabi/5.4.1/armv7-m/crtbegin.o
                [!provide]                PROVIDE (__fini_array_end, .)
                0x08002964                _sidata = LOADADDR (.data)

.data           0x20000000       0x68 load address 0x08002964
                0x20000000                . = ALIGN (0x4)
                0x20000000                _sdata = .
 *(.data)
 .data          0x20000000        0x4 Src/system_stm32f1xx.o
                0x20000000                SystemCoreClock
 *(.data*)
 .data.impure_data
                0x20000004       0x60 c:/ac6/systemworkbench/plugins/fr.ac6.mcu.externaltools.arm-none.win32_1.13.2.201705091103/tools/compiler/bin/../lib/gcc/arm-none-eabi/5.4.1/../../../../arm-none-eabi/lib/armv7-m\libc_nano.a(lib_a-impure.o)
 .data._impure_ptr
                0x20000064        0x4 c:/ac6/systemworkbench/plugins/fr.ac6.mcu.externaltools.arm-none.win32_1.13.2.201705091103/tools/compiler/bin/../lib/gcc/arm-none-eabi/5.4.1/../../../../arm-none-eabi/lib/armv7-m\libc_nano.a(lib_a-impure.o)
                0x20000064                _impure_ptr
                0x20000068                . = ALIGN (0x4)
                0x20000068                _edata = .

.jcr            0x20000068        0x0 load address 0x080029cc
 .jcr           0x20000068        0x0 c:/ac6/systemworkbench/plugins/fr.ac6.mcu.externaltools.arm-none.win32_1.13.2.201705091103/tools/compiler/bin/../lib/gcc/arm-none-eabi/5.4.1/armv7-m/crtbegin.o

.igot.plt       0x20000068        0x0 load address 0x080029cc
 .igot.plt      0x20000068        0x0 c:/ac6/systemworkbench/plugins/fr.ac6.mcu.externaltools.arm-none.win32_1.13.2.201705091103/tools/compiler/bin/../lib/gcc/arm-none-eabi/5.4.1/armv7-m/crtbegin.o
                0x20000068                . = ALIGN (0x4)

.bss            0x20000068      0x118 load address 0x080029cc
                0x20000068                _sbss = .
                0x20000068                __bss_start__ = _sbss
 *(.bss)
 .bss           0x20000068       0x1c c:/ac6/systemworkbench/plugins/fr.ac6.mcu.externaltools.arm-none.win32_1.13.2.201705091103/tools/compiler/bin/../lib/gcc/arm-none-eabi/5.4.1/armv7-m/crtbegin.o
 .bss           0x20000084        0x4 Drivers/STM32F1xx_HAL_Driver/Src/stm32f1xx_hal.o
 .bss           0x20000088        0x1 Drivers/STM32F1xx_HAL_Driver/Src/stm32f1xx_hal_spi_ex.o
                0x20000088                uCRCErrorWorkaroundCheck
 *(.bss*)
 *fill*         0x20000089        0x3 
 .bss.__malloc_sbrk_start
                0x2000008c        0x4 c:/ac6/systemworkbench/plugins/fr.ac6.mcu.externaltools.arm-none.win32_1.13.2.201705091103/tools/compiler/bin/../lib/gcc/arm-none-eabi/5.4.1/../../../../arm-none-eabi/lib/armv7-m\libc_nano.a(lib_a-nano-mallocr.o)
                0x2000008c                __malloc_sbrk_start
 .bss.__malloc_free_list
                0x20000090        0x4 c:/ac6/systemworkbench/plugins/fr.ac6.mcu.externaltools.arm-none.win32_1.13.2.201705091103/tools/compiler/bin/../lib/gcc/arm-none-eabi/5.4.1/../../../../arm-none-eabi/lib/armv7-m\libc_nano.a(lib_a-nano-mallocr.o)
                0x20000090                __malloc_free_list
 .bss.heap_end.4167
                0x20000094        0x4 c:/ac6/systemworkbench/plugins/fr.ac6.mcu.externaltools.arm-none.win32_1.13.2.201705091103/tools/compiler/bin/../lib/gcc/arm-none-eabi/5.4.1/../../../../arm-none-eabi/lib/armv7-m\libnosys.a(sbrk.o)
 *(COMMON)
 COMMON         0x20000098       0xe4 Src/main.o
                0x20000098                incomingBuffer
                0x200000a4                outgoingBuffer
                0x200000b0                huart1
                0x200000f0                si4463
                0x20000124                hspi1
 COMMON         0x2000017c        0x4 c:/ac6/systemworkbench/plugins/fr.ac6.mcu.externaltools.arm-none.win32_1.13.2.201705091103/tools/compiler/bin/../lib/gcc/arm-none-eabi/5.4.1/../../../../arm-none-eabi/lib/armv7-m\libc_nano.a(lib_a-reent.o)
                0x2000017c                errno
                0x20000180                . = ALIGN (0x4)
                0x20000180                _ebss = .
                0x20000180                __bss_end__ = _ebss

._user_heap_stack
                0x20000180      0x600 load address 0x080029cc
                0x20000180                . = ALIGN (0x8)
                0x20000180                PROVIDE (end, .)
                [!provide]                PROVIDE (_end, .)
                0x20000380                . = (. + _Min_Heap_Size)
 *fill*         0x20000180      0x200 
                0x20000780                . = (. + _Min_Stack_Size)
 *fill*         0x20000380      0x400 
                0x20000780                . = ALIGN (0x8)

/DISCARD/
 libc.a(*)
 libm.a(*)
 libgcc.a(*)

.ARM.attributes
                0x00000000       0x29
 *(.ARM.attributes)
 .ARM.attributes
                0x00000000       0x1d c:/ac6/systemworkbench/plugins/fr.ac6.mcu.externaltools.arm-none.win32_1.13.2.201705091103/tools/compiler/bin/../lib/gcc/arm-none-eabi/5.4.1/armv7-m/crti.o
 .ARM.attributes
                0x0000001d       0x2d c:/ac6/systemworkbench/plugins/fr.ac6.mcu.externaltools.arm-none.win32_1.13.2.201705091103/tools/compiler/bin/../lib/gcc/arm-none-eabi/5.4.1/armv7-m/crtbegin.o
 .ARM.attributes
                0x0000004a       0x33 Drivers/STM32F1xx_HAL_Driver/Src/stm32f1xx_hal.o
 .ARM.attributes
                0x0000007d       0x33 Drivers/STM32F1xx_HAL_Driver/Src/stm32f1xx_hal_cortex.o
 .ARM.attributes
                0x000000b0       0x33 Drivers/STM32F1xx_HAL_Driver/Src/stm32f1xx_hal_gpio.o
 .ARM.attributes
                0x000000e3       0x33 Drivers/STM32F1xx_HAL_Driver/Src/stm32f1xx_hal_rcc.o
 .ARM.attributes
                0x00000116       0x33 Drivers/STM32F1xx_HAL_Driver/Src/stm32f1xx_hal_spi.o
 .ARM.attributes
                0x00000149       0x33 Drivers/STM32F1xx_HAL_Driver/Src/stm32f1xx_hal_spi_ex.o
 .ARM.attributes
                0x0000017c       0x33 Drivers/STM32F1xx_HAL_Driver/Src/stm32f1xx_hal_uart.o
 .ARM.attributes
                0x000001af       0x33 Drivers/si4463/Src/si4463.o
 .ARM.attributes
                0x000001e2       0x33 Src/main.o
 .ARM.attributes
                0x00000215       0x33 Src/stm32f1xx_hal_msp.o
 .ARM.attributes
                0x00000248       0x33 Src/stm32f1xx_it.o
 .ARM.attributes
                0x0000027b       0x33 Src/system_stm32f1xx.o
 .ARM.attributes
                0x000002ae       0x21 startup/startup_stm32f103xb.o
 .ARM.attributes
                0x000002cf       0x2d c:/ac6/systemworkbench/plugins/fr.ac6.mcu.externaltools.arm-none.win32_1.13.2.201705091103/tools/compiler/bin/../lib/gcc/arm-none-eabi/5.4.1/../../../../arm-none-eabi/lib/armv7-m\libc_nano.a(lib_a-impure.o)
 .ARM.attributes
                0x000002fc       0x2d c:/ac6/systemworkbench/plugins/fr.ac6.mcu.externaltools.arm-none.win32_1.13.2.201705091103/tools/compiler/bin/../lib/gcc/arm-none-eabi/5.4.1/../../../../arm-none-eabi/lib/armv7-m\libc_nano.a(lib_a-init.o)
 .ARM.attributes
                0x00000329       0x2d c:/ac6/systemworkbench/plugins/fr.ac6.mcu.externaltools.arm-none.win32_1.13.2.201705091103/tools/compiler/bin/../lib/gcc/arm-none-eabi/5.4.1/../../../../arm-none-eabi/lib/armv7-m\libc_nano.a(lib_a-memcpy-stub.o)
 .ARM.attributes
                0x00000356       0x2d c:/ac6/systemworkbench/plugins/fr.ac6.mcu.externaltools.arm-none.win32_1.13.2.201705091103/tools/compiler/bin/../lib/gcc/arm-none-eabi/5.4.1/../../../../arm-none-eabi/lib/armv7-m\libc_nano.a(lib_a-memset.o)
 .ARM.attributes
                0x00000383       0x2d c:/ac6/systemworkbench/plugins/fr.ac6.mcu.externaltools.arm-none.win32_1.13.2.201705091103/tools/compiler/bin/../lib/gcc/arm-none-eabi/5.4.1/../../../../arm-none-eabi/lib/armv7-m\libc_nano.a(lib_a-rand.o)
 .ARM.attributes
                0x000003b0       0x2d c:/ac6/systemworkbench/plugins/fr.ac6.mcu.externaltools.arm-none.win32_1.13.2.201705091103/tools/compiler/bin/../lib/gcc/arm-none-eabi/5.4.1/../../../../arm-none-eabi/lib/armv7-m\libc_nano.a(lib_a-malloc.o)
 .ARM.attributes
                0x000003dd       0x2d c:/ac6/systemworkbench/plugins/fr.ac6.mcu.externaltools.arm-none.win32_1.13.2.201705091103/tools/compiler/bin/../lib/gcc/arm-none-eabi/5.4.1/../../../../arm-none-eabi/lib/armv7-m\libc_nano.a(lib_a-nano-mallocr.o)
 .ARM.attributes
                0x0000040a       0x2d c:/ac6/systemworkbench/plugins/fr.ac6.mcu.externaltools.arm-none.win32_1.13.2.201705091103/tools/compiler/bin/../lib/gcc/arm-none-eabi/5.4.1/../../../../arm-none-eabi/lib/armv7-m\libc_nano.a(lib_a-sbrkr.o)
 .ARM.attributes
                0x00000437       0x2d c:/ac6/systemworkbench/plugins/fr.ac6.mcu.externaltools.arm-none.win32_1.13.2.201705091103/tools/compiler/bin/../lib/gcc/arm-none-eabi/5.4.1/../../../../arm-none-eabi/lib/armv7-m\libc_nano.a(lib_a-mlock.o)
 .ARM.attributes
                0x00000464       0x2d c:/ac6/systemworkbench/plugins/fr.ac6.mcu.externaltools.arm-none.win32_1.13.2.201705091103/tools/compiler/bin/../lib/gcc/arm-none-eabi/5.4.1/../../../../arm-none-eabi/lib/armv7-m\libc_nano.a(lib_a-reent.o)
 .ARM.attributes
                0x00000491       0x2d c:/ac6/systemworkbench/plugins/fr.ac6.mcu.externaltools.arm-none.win32_1.13.2.201705091103/tools/compiler/bin/../lib/gcc/arm-none-eabi/5.4.1/../../../../arm-none-eabi/lib/armv7-m\libnosys.a(sbrk.o)
 .ARM.attributes
                0x000004be       0x1d c:/ac6/systemworkbench/plugins/fr.ac6.mcu.externaltools.arm-none.win32_1.13.2.201705091103/tools/compiler/bin/../lib/gcc/arm-none-eabi/5.4.1/armv7-m/crtn.o
OUTPUT(stm32_si4463.elf elf32-littlearm)

.debug_info     0x00000000     0x96d5
 .debug_info    0x00000000      0x699 Drivers/STM32F1xx_HAL_Driver/Src/stm32f1xx_hal.o
 .debug_info    0x00000699      0xc33 Drivers/STM32F1xx_HAL_Driver/Src/stm32f1xx_hal_cortex.o
 .debug_info    0x000012cc      0x608 Drivers/STM32F1xx_HAL_Driver/Src/stm32f1xx_hal_gpio.o
 .debug_info    0x000018d4     0x12ab Drivers/STM32F1xx_HAL_Driver/Src/stm32f1xx_hal_rcc.o
 .debug_info    0x00002b7f     0x1596 Drivers/STM32F1xx_HAL_Driver/Src/stm32f1xx_hal_spi.o
 .debug_info    0x00004115      0x5ad Drivers/STM32F1xx_HAL_Driver/Src/stm32f1xx_hal_spi_ex.o
 .debug_info    0x000046c2     0x10f5 Drivers/STM32F1xx_HAL_Driver/Src/stm32f1xx_hal_uart.o
 .debug_info    0x000057b7     0x1058 Drivers/si4463/Src/si4463.o
 .debug_info    0x0000680f     0x17ed Src/main.o
 .debug_info    0x00007ffc      0xcb9 Src/stm32f1xx_hal_msp.o
 .debug_info    0x00008cb5      0x5bd Src/stm32f1xx_it.o
 .debug_info    0x00009272      0x3eb Src/system_stm32f1xx.o
 .debug_info    0x0000965d       0x78 startup/startup_stm32f103xb.o

.debug_abbrev   0x00000000     0x17dc
 .debug_abbrev  0x00000000      0x21f Drivers/STM32F1xx_HAL_Driver/Src/stm32f1xx_hal.o
 .debug_abbrev  0x0000021f      0x2bd Drivers/STM32F1xx_HAL_Driver/Src/stm32f1xx_hal_cortex.o
 .debug_abbrev  0x000004dc      0x1cd Drivers/STM32F1xx_HAL_Driver/Src/stm32f1xx_hal_gpio.o
 .debug_abbrev  0x000006a9      0x287 Drivers/STM32F1xx_HAL_Driver/Src/stm32f1xx_hal_rcc.o
 .debug_abbrev  0x00000930      0x22a Drivers/STM32F1xx_HAL_Driver/Src/stm32f1xx_hal_spi.o
 .debug_abbrev  0x00000b5a      0x160 Drivers/STM32F1xx_HAL_Driver/Src/stm32f1xx_hal_spi_ex.o
 .debug_abbrev  0x00000cba      0x228 Drivers/STM32F1xx_HAL_Driver/Src/stm32f1xx_hal_uart.o
 .debug_abbrev  0x00000ee2      0x21b Drivers/si4463/Src/si4463.o
 .debug_abbrev  0x000010fd      0x29b Src/main.o
 .debug_abbrev  0x00001398      0x18f Src/stm32f1xx_hal_msp.o
 .debug_abbrev  0x00001527      0x17e Src/stm32f1xx_it.o
 .debug_abbrev  0x000016a5      0x125 Src/system_stm32f1xx.o
 .debug_abbrev  0x000017ca       0x12 startup/startup_stm32f103xb.o

.debug_loc      0x00000000     0x3ce9
 .debug_loc     0x00000000       0x81 Drivers/STM32F1xx_HAL_Driver/Src/stm32f1xx_hal.o
 .debug_loc     0x00000081      0x527 Drivers/STM32F1xx_HAL_Driver/Src/stm32f1xx_hal_cortex.o
 .debug_loc     0x000005a8      0x377 Drivers/STM32F1xx_HAL_Driver/Src/stm32f1xx_hal_gpio.o
 .debug_loc     0x0000091f      0x8e9 Drivers/STM32F1xx_HAL_Driver/Src/stm32f1xx_hal_rcc.o
 .debug_loc     0x00001208     0x10bd Drivers/STM32F1xx_HAL_Driver/Src/stm32f1xx_hal_spi.o
 .debug_loc     0x000022c5       0x58 Drivers/STM32F1xx_HAL_Driver/Src/stm32f1xx_hal_spi_ex.o
 .debug_loc     0x0000231d     0x1009 Drivers/STM32F1xx_HAL_Driver/Src/stm32f1xx_hal_uart.o
 .debug_loc     0x00003326      0x78f Drivers/si4463/Src/si4463.o
 .debug_loc     0x00003ab5       0xbb Src/main.o
 .debug_loc     0x00003b70       0x9a Src/stm32f1xx_hal_msp.o
 .debug_loc     0x00003c0a       0xdf Src/system_stm32f1xx.o

.debug_aranges  0x00000000      0x748
 .debug_aranges
                0x00000000       0xb0 Drivers/STM32F1xx_HAL_Driver/Src/stm32f1xx_hal.o
 .debug_aranges
                0x000000b0       0x90 Drivers/STM32F1xx_HAL_Driver/Src/stm32f1xx_hal_cortex.o
 .debug_aranges
                0x00000140       0x58 Drivers/STM32F1xx_HAL_Driver/Src/stm32f1xx_hal_gpio.o
 .debug_aranges
                0x00000198       0x88 Drivers/STM32F1xx_HAL_Driver/Src/stm32f1xx_hal_rcc.o
 .debug_aranges
                0x00000220      0x158 Drivers/STM32F1xx_HAL_Driver/Src/stm32f1xx_hal_spi.o
 .debug_aranges
                0x00000378       0x28 Drivers/STM32F1xx_HAL_Driver/Src/stm32f1xx_hal_spi_ex.o
 .debug_aranges
                0x000003a0      0x150 Drivers/STM32F1xx_HAL_Driver/Src/stm32f1xx_hal_uart.o
 .debug_aranges
                0x000004f0       0xc8 Drivers/si4463/Src/si4463.o
 .debug_aranges
                0x000005b8       0x90 Src/main.o
 .debug_aranges
                0x00000648       0x40 Src/stm32f1xx_hal_msp.o
 .debug_aranges
                0x00000688       0x70 Src/stm32f1xx_it.o
 .debug_aranges
                0x000006f8       0x28 Src/system_stm32f1xx.o
 .debug_aranges
                0x00000720       0x28 startup/startup_stm32f103xb.o

.debug_ranges   0x00000000      0x680
 .debug_ranges  0x00000000       0xa0 Drivers/STM32F1xx_HAL_Driver/Src/stm32f1xx_hal.o
 .debug_ranges  0x000000a0       0x80 Drivers/STM32F1xx_HAL_Driver/Src/stm32f1xx_hal_cortex.o
 .debug_ranges  0x00000120       0x48 Drivers/STM32F1xx_HAL_Driver/Src/stm32f1xx_hal_gpio.o
 .debug_ranges  0x00000168       0x78 Drivers/STM32F1xx_HAL_Driver/Src/stm32f1xx_hal_rcc.o
 .debug_ranges  0x000001e0      0x148 Drivers/STM32F1xx_HAL_Driver/Src/stm32f1xx_hal_spi.o
 .debug_ranges  0x00000328       0x18 Drivers/STM32F1xx_HAL_Driver/Src/stm32f1xx_hal_spi_ex.o
 .debug_ranges  0x00000340      0x140 Drivers/STM32F1xx_HAL_Driver/Src/stm32f1xx_hal_uart.o
 .debug_ranges  0x00000480       0xb8 Drivers/si4463/Src/si4463.o
 .debug_ranges  0x00000538       0x80 Src/main.o
 .debug_ranges  0x000005b8       0x30 Src/stm32f1xx_hal_msp.o
 .debug_ranges  0x000005e8       0x60 Src/stm32f1xx_it.o
 .debug_ranges  0x00000648       0x18 Src/system_stm32f1xx.o
 .debug_ranges  0x00000660       0x20 startup/startup_stm32f103xb.o

.debug_macro    0x00000000    0x18b65
 .debug_macro   0x00000000      0x2f4 Drivers/STM32F1xx_HAL_Driver/Src/stm32f1xx_hal.o
 .debug_macro   0x000002f4      0x880 Drivers/STM32F1xx_HAL_Driver/Src/stm32f1xx_hal.o
 .debug_macro   0x00000b74       0x58 Drivers/STM32F1xx_HAL_Driver/Src/stm32f1xx_hal.o
 .debug_macro   0x00000bcc      0x161 Drivers/STM32F1xx_HAL_Driver/Src/stm32f1xx_hal.o
 .debug_macro   0x00000d2d       0x2e Drivers/STM32F1xx_HAL_Driver/Src/stm32f1xx_hal.o
 .debug_macro   0x00000d5b       0x22 Drivers/STM32F1xx_HAL_Driver/Src/stm32f1xx_hal.o
 .debug_macro   0x00000d7d       0x22 Drivers/STM32F1xx_HAL_Driver/Src/stm32f1xx_hal.o
 .debug_macro   0x00000d9f       0x87 Drivers/STM32F1xx_HAL_Driver/Src/stm32f1xx_hal.o
 .debug_macro   0x00000e26       0x44 Drivers/STM32F1xx_HAL_Driver/Src/stm32f1xx_hal.o
 .debug_macro   0x00000e6a       0xfd Drivers/STM32F1xx_HAL_Driver/Src/stm32f1xx_hal.o
 .debug_macro   0x00000f67       0x5e Drivers/STM32F1xx_HAL_Driver/Src/stm32f1xx_hal.o
 .debug_macro   0x00000fc5      0x1df Drivers/STM32F1xx_HAL_Driver/Src/stm32f1xx_hal.o
 .debug_macro   0x000011a4       0x34 Drivers/STM32F1xx_HAL_Driver/Src/stm32f1xx_hal.o
 .debug_macro   0x000011d8       0x34 Drivers/STM32F1xx_HAL_Driver/Src/stm32f1xx_hal.o
 .debug_macro   0x0000120c      0xb8e Drivers/STM32F1xx_HAL_Driver/Src/stm32f1xx_hal.o
 .debug_macro   0x00001d9a     0xf2f7 Drivers/STM32F1xx_HAL_Driver/Src/stm32f1xx_hal.o
 .debug_macro   0x00011091       0x43 Drivers/STM32F1xx_HAL_Driver/Src/stm32f1xx_hal.o
 .debug_macro   0x000110d4     0x3383 Drivers/STM32F1xx_HAL_Driver/Src/stm32f1xx_hal.o
 .debug_macro   0x00014457       0x52 Drivers/STM32F1xx_HAL_Driver/Src/stm32f1xx_hal.o
 .debug_macro   0x000144a9       0x35 Drivers/STM32F1xx_HAL_Driver/Src/stm32f1xx_hal.o
 .debug_macro   0x000144de       0x9c Drivers/STM32F1xx_HAL_Driver/Src/stm32f1xx_hal.o
 .debug_macro   0x0001457a       0x16 Drivers/STM32F1xx_HAL_Driver/Src/stm32f1xx_hal.o
 .debug_macro   0x00014590       0x97 Drivers/STM32F1xx_HAL_Driver/Src/stm32f1xx_hal.o
 .debug_macro   0x00014627      0x30d Drivers/STM32F1xx_HAL_Driver/Src/stm32f1xx_hal.o
 .debug_macro   0x00014934       0xfd Drivers/STM32F1xx_HAL_Driver/Src/stm32f1xx_hal.o
 .debug_macro   0x00014a31       0x10 Drivers/STM32F1xx_HAL_Driver/Src/stm32f1xx_hal.o
 .debug_macro   0x00014a41       0x52 Drivers/STM32F1xx_HAL_Driver/Src/stm32f1xx_hal.o
 .debug_macro   0x00014a93       0x1f Drivers/STM32F1xx_HAL_Driver/Src/stm32f1xx_hal.o
 .debug_macro   0x00014ab2       0x43 Drivers/STM32F1xx_HAL_Driver/Src/stm32f1xx_hal.o
 .debug_macro   0x00014af5       0x20 Drivers/STM32F1xx_HAL_Driver/Src/stm32f1xx_hal.o
 .debug_macro   0x00014b15      0x187 Drivers/STM32F1xx_HAL_Driver/Src/stm32f1xx_hal.o
 .debug_macro   0x00014c9c       0x10 Drivers/STM32F1xx_HAL_Driver/Src/stm32f1xx_hal.o
 .debug_macro   0x00014cac       0x1c Drivers/STM32F1xx_HAL_Driver/Src/stm32f1xx_hal.o
 .debug_macro   0x00014cc8       0x52 Drivers/STM32F1xx_HAL_Driver/Src/stm32f1xx_hal.o
 .debug_macro   0x00014d1a       0x40 Drivers/STM32F1xx_HAL_Driver/Src/stm32f1xx_hal.o
 .debug_macro   0x00014d5a       0x10 Drivers/STM32F1xx_HAL_Driver/Src/stm32f1xx_hal.o
 .debug_macro   0x00014d6a       0x40 Drivers/STM32F1xx_HAL_Driver/Src/stm32f1xx_hal.o
 .debug_macro   0x00014daa       0xd7 Drivers/STM32F1xx_HAL_Driver/Src/stm32f1xx_hal.o
 .debug_macro   0x00014e81       0x16 Drivers/STM32F1xx_HAL_Driver/Src/stm32f1xx_hal.o
 .debug_macro   0x00014e97      0x18b Drivers/STM32F1xx_HAL_Driver/Src/stm32f1xx_hal.o
 .debug_macro   0x00015022       0x50 Drivers/STM32F1xx_HAL_Driver/Src/stm32f1xx_hal.o
 .debug_macro   0x00015072      0x778 Drivers/STM32F1xx_HAL_Driver/Src/stm32f1xx_hal.o
 .debug_macro   0x000157ea      0x28b Drivers/STM32F1xx_HAL_Driver/Src/stm32f1xx_hal.o
 .debug_macro   0x00015a75      0x141 Drivers/STM32F1xx_HAL_Driver/Src/stm32f1xx_hal.o
 .debug_macro   0x00015bb6      0x197 Drivers/STM32F1xx_HAL_Driver/Src/stm32f1xx_hal.o
 .debug_macro   0x00015d4d      0x1ae Drivers/STM32F1xx_HAL_Driver/Src/stm32f1xx_hal.o
 .debug_macro   0x00015efb       0x2d Drivers/STM32F1xx_HAL_Driver/Src/stm32f1xx_hal.o
 .debug_macro   0x00015f28       0x3c Drivers/STM32F1xx_HAL_Driver/Src/stm32f1xx_hal.o
 .debug_macro   0x00015f64       0x57 Drivers/STM32F1xx_HAL_Driver/Src/stm32f1xx_hal.o
 .debug_macro   0x00015fbb       0x8c Drivers/STM32F1xx_HAL_Driver/Src/stm32f1xx_hal.o
 .debug_macro   0x00016047      0x242 Drivers/STM32F1xx_HAL_Driver/Src/stm32f1xx_hal.o
 .debug_macro   0x00016289      0x143 Drivers/STM32F1xx_HAL_Driver/Src/stm32f1xx_hal.o
 .debug_macro   0x000163cc      0x1f4 Drivers/STM32F1xx_HAL_Driver/Src/stm32f1xx_hal.o
 .debug_macro   0x000165c0      0x256 Drivers/STM32F1xx_HAL_Driver/Src/stm32f1xx_hal.o
 .debug_macro   0x00016816       0x7c Drivers/STM32F1xx_HAL_Driver/Src/stm32f1xx_hal.o
 .debug_macro   0x00016892      0x2d0 Drivers/STM32F1xx_HAL_Driver/Src/stm32f1xx_hal_cortex.o
 .debug_macro   0x00016b62      0x340 Drivers/STM32F1xx_HAL_Driver/Src/stm32f1xx_hal_gpio.o
 .debug_macro   0x00016ea2      0x2f4 Drivers/STM32F1xx_HAL_Driver/Src/stm32f1xx_hal_rcc.o
 .debug_macro   0x00017196      0x2d8 Drivers/STM32F1xx_HAL_Driver/Src/stm32f1xx_hal_spi.o
 .debug_macro   0x0001746e      0x2d0 Drivers/STM32F1xx_HAL_Driver/Src/stm32f1xx_hal_spi_ex.o
 .debug_macro   0x0001773e      0x2d1 Drivers/STM32F1xx_HAL_Driver/Src/stm32f1xx_hal_uart.o
 .debug_macro   0x00017a0f      0x13c Drivers/si4463/Src/si4463.o
 .debug_macro   0x00017b4b       0x22 Drivers/si4463/Src/si4463.o
 .debug_macro   0x00017b6d      0x174 Drivers/si4463/Src/si4463.o
 .debug_macro   0x00017ce1       0x10 Drivers/si4463/Src/si4463.o
 .debug_macro   0x00017cf1       0x35 Drivers/si4463/Src/si4463.o
 .debug_macro   0x00017d26      0x140 Drivers/si4463/Src/si4463.o
 .debug_macro   0x00017e66       0xc4 Drivers/si4463/Src/si4463.o
 .debug_macro   0x00017f2a      0x350 Src/main.o
 .debug_macro   0x0001827a       0x16 Src/main.o
 .debug_macro   0x00018290       0x16 Src/main.o
 .debug_macro   0x000182a6       0x16 Src/main.o
 .debug_macro   0x000182bc       0x29 Src/main.o
 .debug_macro   0x000182e5      0x2d0 Src/stm32f1xx_hal_msp.o
 .debug_macro   0x000185b5      0x2da Src/stm32f1xx_it.o
 .debug_macro   0x0001888f      0x2d6 Src/system_stm32f1xx.o

.debug_line     0x00000000     0x72d0
 .debug_line    0x00000000      0x8b3 Drivers/STM32F1xx_HAL_Driver/Src/stm32f1xx_hal.o
 .debug_line    0x000008b3      0x8ef Drivers/STM32F1xx_HAL_Driver/Src/stm32f1xx_hal_cortex.o
 .debug_line    0x000011a2      0x8d9 Drivers/STM32F1xx_HAL_Driver/Src/stm32f1xx_hal_gpio.o
 .debug_line    0x00001a7b      0xc26 Drivers/STM32F1xx_HAL_Driver/Src/stm32f1xx_hal_rcc.o
 .debug_line    0x000026a1      0xfa1 Drivers/STM32F1xx_HAL_Driver/Src/stm32f1xx_hal_spi.o
 .debug_line    0x00003642      0x78f Drivers/STM32F1xx_HAL_Driver/Src/stm32f1xx_hal_spi_ex.o
 .debug_line    0x00003dd1      0xdaa Drivers/STM32F1xx_HAL_Driver/Src/stm32f1xx_hal_uart.o
 .debug_line    0x00004b7b      0x602 Drivers/si4463/Src/si4463.o
 .debug_line    0x0000517d      0x9b5 Src/main.o
 .debug_line    0x00005b32      0x7b3 Src/stm32f1xx_hal_msp.o
 .debug_line    0x000062e5      0x7f7 Src/stm32f1xx_it.o
 .debug_line    0x00006adc      0x777 Src/system_stm32f1xx.o
 .debug_line    0x00007253       0x7d startup/startup_stm32f103xb.o

.debug_str      0x00000000    0x892c4
 .debug_str     0x00000000    0x85d85 Drivers/STM32F1xx_HAL_Driver/Src/stm32f1xx_hal.o
                              0x8622c (size before relaxing)
 .debug_str     0x00085d85      0x2cf Drivers/STM32F1xx_HAL_Driver/Src/stm32f1xx_hal_cortex.o
                              0x8622a (size before relaxing)
 .debug_str     0x00086054      0x460 Drivers/STM32F1xx_HAL_Driver/Src/stm32f1xx_hal_gpio.o
                              0x8600f (size before relaxing)
 .debug_str     0x000864b4      0x3e2 Drivers/STM32F1xx_HAL_Driver/Src/stm32f1xx_hal_rcc.o
                              0x8607a (size before relaxing)
 .debug_str     0x00086896      0x707 Drivers/STM32F1xx_HAL_Driver/Src/stm32f1xx_hal_spi.o
                              0x862e8 (size before relaxing)
 .debug_str     0x00086f9d       0x54 Drivers/STM32F1xx_HAL_Driver/Src/stm32f1xx_hal_spi_ex.o
                              0x85f6d (size before relaxing)
 .debug_str     0x00086ff1      0x4ce Drivers/STM32F1xx_HAL_Driver/Src/stm32f1xx_hal_uart.o
                              0x862fd (size before relaxing)
 .debug_str     0x000874bf     0x1a80 Drivers/si4463/Src/si4463.o
                               0x7836 (size before relaxing)
 .debug_str     0x00088f3f      0x22e Src/main.o
                              0x880be (size before relaxing)
 .debug_str     0x0008916d       0x1b Src/stm32f1xx_hal_msp.o
                              0x8644d (size before relaxing)
 .debug_str     0x00089188       0xdb Src/stm32f1xx_it.o
                              0x85fa7 (size before relaxing)
 .debug_str     0x00089263       0x61 Src/system_stm32f1xx.o
                              0x85c40 (size before relaxing)

.comment        0x00000000       0x6e
 .comment       0x00000000       0x6e Drivers/STM32F1xx_HAL_Driver/Src/stm32f1xx_hal.o
                                 0x6f (size before relaxing)
 .comment       0x0000006e       0x6f Drivers/STM32F1xx_HAL_Driver/Src/stm32f1xx_hal_cortex.o
 .comment       0x0000006e       0x6f Drivers/STM32F1xx_HAL_Driver/Src/stm32f1xx_hal_gpio.o
 .comment       0x0000006e       0x6f Drivers/STM32F1xx_HAL_Driver/Src/stm32f1xx_hal_rcc.o
 .comment       0x0000006e       0x6f Drivers/STM32F1xx_HAL_Driver/Src/stm32f1xx_hal_spi.o
 .comment       0x0000006e       0x6f Drivers/STM32F1xx_HAL_Driver/Src/stm32f1xx_hal_spi_ex.o
 .comment       0x0000006e       0x6f Drivers/STM32F1xx_HAL_Driver/Src/stm32f1xx_hal_uart.o
 .comment       0x0000006e       0x6f Drivers/si4463/Src/si4463.o
 .comment       0x0000006e       0x6f Src/main.o
 .comment       0x0000006e       0x6f Src/stm32f1xx_hal_msp.o
 .comment       0x0000006e       0x6f Src/stm32f1xx_it.o
 .comment       0x0000006e       0x6f Src/system_stm32f1xx.o

.debug_frame    0x00000000     0x1450
 .debug_frame   0x00000000      0x168 Drivers/STM32F1xx_HAL_Driver/Src/stm32f1xx_hal.o
 .debug_frame   0x00000168      0x124 Drivers/STM32F1xx_HAL_Driver/Src/stm32f1xx_hal_cortex.o
 .debug_frame   0x0000028c       0xc4 Drivers/STM32F1xx_HAL_Driver/Src/stm32f1xx_hal_gpio.o
 .debug_frame   0x00000350      0x158 Drivers/STM32F1xx_HAL_Driver/Src/stm32f1xx_hal_rcc.o
 .debug_frame   0x000004a8      0x3e0 Drivers/STM32F1xx_HAL_Driver/Src/stm32f1xx_hal_spi.o
 .debug_frame   0x00000888       0x3c Drivers/STM32F1xx_HAL_Driver/Src/stm32f1xx_hal_spi_ex.o
 .debug_frame   0x000008c4      0x378 Drivers/STM32F1xx_HAL_Driver/Src/stm32f1xx_hal_uart.o
 .debug_frame   0x00000c3c      0x2ec Drivers/si4463/Src/si4463.o
 .debug_frame   0x00000f28      0x190 Src/main.o
 .debug_frame   0x000010b8       0xa4 Src/stm32f1xx_hal_msp.o
 .debug_frame   0x0000115c       0xd8 Src/stm32f1xx_it.o
 .debug_frame   0x00001234       0x30 Src/system_stm32f1xx.o
 .debug_frame   0x00001264       0x2c c:/ac6/systemworkbench/plugins/fr.ac6.mcu.externaltools.arm-none.win32_1.13.2.201705091103/tools/compiler/bin/../lib/gcc/arm-none-eabi/5.4.1/../../../../arm-none-eabi/lib/armv7-m\libc_nano.a(lib_a-init.o)
 .debug_frame   0x00001290       0x28 c:/ac6/systemworkbench/plugins/fr.ac6.mcu.externaltools.arm-none.win32_1.13.2.201705091103/tools/compiler/bin/../lib/gcc/arm-none-eabi/5.4.1/../../../../arm-none-eabi/lib/armv7-m\libc_nano.a(lib_a-memcpy-stub.o)
 .debug_frame   0x000012b8       0x20 c:/ac6/systemworkbench/plugins/fr.ac6.mcu.externaltools.arm-none.win32_1.13.2.201705091103/tools/compiler/bin/../lib/gcc/arm-none-eabi/5.4.1/../../../../arm-none-eabi/lib/armv7-m\libc_nano.a(lib_a-memset.o)
 .debug_frame   0x000012d8       0x44 c:/ac6/systemworkbench/plugins/fr.ac6.mcu.externaltools.arm-none.win32_1.13.2.201705091103/tools/compiler/bin/../lib/gcc/arm-none-eabi/5.4.1/../../../../arm-none-eabi/lib/armv7-m\libc_nano.a(lib_a-rand.o)
 .debug_frame   0x0000131c       0x30 c:/ac6/systemworkbench/plugins/fr.ac6.mcu.externaltools.arm-none.win32_1.13.2.201705091103/tools/compiler/bin/../lib/gcc/arm-none-eabi/5.4.1/../../../../arm-none-eabi/lib/armv7-m\libc_nano.a(lib_a-malloc.o)
 .debug_frame   0x0000134c       0x2c c:/ac6/systemworkbench/plugins/fr.ac6.mcu.externaltools.arm-none.win32_1.13.2.201705091103/tools/compiler/bin/../lib/gcc/arm-none-eabi/5.4.1/../../../../arm-none-eabi/lib/armv7-m\libc_nano.a(lib_a-nano-mallocr.o)
 .debug_frame   0x00001378       0x2c c:/ac6/systemworkbench/plugins/fr.ac6.mcu.externaltools.arm-none.win32_1.13.2.201705091103/tools/compiler/bin/../lib/gcc/arm-none-eabi/5.4.1/../../../../arm-none-eabi/lib/armv7-m\libc_nano.a(lib_a-sbrkr.o)
 .debug_frame   0x000013a4       0x30 c:/ac6/systemworkbench/plugins/fr.ac6.mcu.externaltools.arm-none.win32_1.13.2.201705091103/tools/compiler/bin/../lib/gcc/arm-none-eabi/5.4.1/../../../../arm-none-eabi/lib/armv7-m\libc_nano.a(lib_a-mlock.o)
 .debug_frame   0x000013d4       0x5c c:/ac6/systemworkbench/plugins/fr.ac6.mcu.externaltools.arm-none.win32_1.13.2.201705091103/tools/compiler/bin/../lib/gcc/arm-none-eabi/5.4.1/../../../../arm-none-eabi/lib/armv7-m\libc_nano.a(lib_a-reent.o)
 .debug_frame   0x00001430       0x20 c:/ac6/systemworkbench/plugins/fr.ac6.mcu.externaltools.arm-none.win32_1.13.2.201705091103/tools/compiler/bin/../lib/gcc/arm-none-eabi/5.4.1/../../../../arm-none-eabi/lib/armv7-m\libnosys.a(sbrk.o)
